This is pdfTeX, Version 3.141592653-2.6-1.40.29 (TeX Live 2026/Homebrew) (preloaded format=pdflatex 2026.3.4)  26 AUG 2026 17:43
entering extended mode
 restricted \write18 enabled.
 %&-line parsing enabled.
**main_it
(./main_it.tex
LaTeX2e <2025-11-01>
L3 programming layer <2026-01-19>
(/usr/local/Cellar/texlive/20260301/share/texmf-dist/tex/latex/llncs/llncs.cls
Document Class: llncs 2025/02/25 v2.26 
 LaTeX document class for Lecture Notes in Computer Science

(/usr/local/Cellar/texlive/20260301/share/texmf-dist/tex/latex/base/article.cls
Document Class: article 2025/01/22 v1.4n Standard LaTeX document class
(/usr/local/Cellar/texlive/20260301/share/texmf-dist/tex/latex/base/size10.clo
File: size10.clo 2025/01/22 v1.4n Standard LaTeX file (size option)
)
\c@part=\count275
\c@section=\count276
\c@subsection=\count277
\c@subsubsection=\count278
\c@paragraph=\count279
\c@subparagraph=\count280
\c@figure=\count281
\c@table=\count282
\abovecaptionskip=\skip49
\belowcaptionskip=\skip50
\bibindent=\dimen148
)
(/usr/local/Cellar/texlive/20260301/share/texmf-dist/tex/latex/tools/multicol.s
ty
Package: multicol 2025/10/21 v2.0b multicolumn formatting (FMi)
\c@tracingmulticols=\count283
\mult@box=\box53
\multicol@leftmargin=\dimen149
\c@unbalance=\count284
\c@collectmore=\count285
\doublecol@number=\count286
\multicoltolerance=\count287
\multicolpretolerance=\count288
\full@width=\dimen150
\page@free=\dimen151
\premulticols=\dimen152
\postmulticols=\dimen153
\multicolsep=\skip51
\multicolbaselineskip=\skip52
\partial@page=\box54
\last@line=\box55
\mc@boxedresult=\box56
\maxbalancingoverflow=\dimen154
\mult@rightbox=\box57
\mult@grightbox=\box58
\mult@firstbox=\box59
\mult@gfirstbox=\box60
\@tempa=\box61
\@tempa=\box62
\@tempa=\box63
\@tempa=\box64
\@tempa=\box65
\@tempa=\box66
\@tempa=\box67
\@tempa=\box68
\@tempa=\box69
\@tempa=\box70
\@tempa=\box71
\@tempa=\box72
\@tempa=\box73
\@tempa=\box74
\@tempa=\box75
\@tempa=\box76
\@tempa=\box77
\@tempa=\box78
\@tempa=\box79
\@tempa=\box80
\@tempa=\box81
\@tempa=\box82
\@tempa=\box83
\@tempa=\box84
\@tempa=\box85
\@tempa=\box86
\@tempa=\box87
\@tempa=\box88
\@tempa=\box89
\@tempa=\box90
\@tempa=\box91
\@tempa=\box92
\@tempa=\box93
\@tempa=\box94
\@tempa=\box95
\@tempa=\box96
\c@minrows=\count289
\c@columnbadness=\count290
\c@finalcolumnbadness=\count291
\last@try=\dimen155
\multicolovershoot=\dimen156
\multicolundershoot=\dimen157
\mult@nat@firstbox=\box97
\colbreak@box=\box98
\mc@col@check@num=\count292
\g__mc_curr_col_int=\count293
)
(/usr/local/Cellar/texlive/20260301/share/texmf-dist/tex/latex/oberdiek/aliascn
t.sty
Package: aliascnt 2018/09/07 v1.5 Alias counters (HO)
)
\c@chapter=\count294
LaTeX Font Info:    Redeclaring math symbol \Gamma on input line 379.
LaTeX Font Info:    Redeclaring math symbol \Delta on input line 380.
LaTeX Font Info:    Redeclaring math symbol \Theta on input line 381.
LaTeX Font Info:    Redeclaring math symbol \Lambda on input line 382.
LaTeX Font Info:    Redeclaring math symbol \Xi on input line 383.
LaTeX Font Info:    Redeclaring math symbol \Pi on input line 384.
LaTeX Font Info:    Redeclaring math symbol \Sigma on input line 385.
LaTeX Font Info:    Redeclaring math symbol \Upsilon on input line 386.
LaTeX Font Info:    Redeclaring math symbol \Phi on input line 387.
LaTeX Font Info:    Redeclaring math symbol \Psi on input line 388.
LaTeX Font Info:    Redeclaring math symbol \Omega on input line 389.
LaTeX Info: Redefining \vec on input line 394.
\tocchpnum=\dimen158
\tocsecnum=\dimen159
\tocsectotal=\dimen160
\tocsubsecnum=\dimen161
\tocsubsectotal=\dimen162
\tocsubsubsecnum=\dimen163
\tocsubsubsectotal=\dimen164
\tocparanum=\dimen165
\tocparatotal=\dimen166
\tocsubparanum=\dimen167
\@tempcntc=\count295
\fnindent=\dimen168
\c@@inst=\count296
\c@@auth=\count297
\c@auco=\count298
\instindent=\dimen169
\authrun=\box99
\authorrunning=\toks17
\tocauthor=\toks18
\titrun=\box100
\titlerunning=\toks19
\toctitle=\toks20
\c@theorem=\count299
\c@case=\count300
\c@conjecture=\count301
\c@corollary=\count302
\c@definition=\count303
\c@example=\count304
\c@exercise=\count305
\c@lemma=\count306
\c@note=\count307
\c@problem=\count308
\c@property=\count309
\c@proposition=\count310
\c@question=\count311
\c@solution=\count312
\c@remark=\count313
\headlineindent=\dimen170
)
(/usr/local/Cellar/texlive/20260301/share/texmf-dist/tex/latex/base/fontenc.sty
Package: fontenc 2025/07/18 v2.1d Standard LaTeX package
)
(/usr/local/Cellar/texlive/20260301/share/texmf-dist/tex/latex/graphics/graphic
x.sty
Package: graphicx 2024/12/31 v1.2e Enhanced LaTeX Graphics (DPC,SPQR)

(/usr/local/Cellar/texlive/20260301/share/texmf-dist/tex/latex/graphics/keyval.
sty
Package: keyval 2022/05/29 v1.15 key=value parser (DPC)
\KV@toks@=\toks21
)
(/usr/local/Cellar/texlive/20260301/share/texmf-dist/tex/latex/graphics/graphic
s.sty
Package: graphics 2024/08/06 v1.4g Standard LaTeX Graphics (DPC,SPQR)

(/usr/local/Cellar/texlive/20260301/share/texmf-dist/tex/latex/graphics/trig.st
y
Package: trig 2023/12/02 v1.11 sin cos tan (DPC)
)
(/usr/local/Cellar/texlive/20260301/share/texmf-dist/tex/latex/graphics-cfg/gra
phics.cfg
File: graphics.cfg 2016/06/04 v1.11 sample graphics configuration
)
Package graphics Info: Driver file: pdftex.def on input line 106.

(/usr/local/Cellar/texlive/20260301/share/texmf-dist/tex/latex/graphics-def/pdf
tex.def
File: pdftex.def 2025/09/29 v1.2d Graphics/color driver for pdftex
))
\Gin@req@height=\dimen171
\Gin@req@width=\dimen172
)
(/usr/local/Cellar/texlive/20260301/share/texmf-dist/tex/latex/hyperref/hyperre
f.sty
Package: hyperref 2026-01-29 v7.01p Hypertext links for LaTeX

(/usr/local/Cellar/texlive/20260301/share/texmf-dist/tex/generic/iftex/iftex.st
y
Package: iftex 2024/12/12 v1.0g TeX engine tests
)
(/usr/local/Cellar/texlive/20260301/share/texmf-dist/tex/latex/kvsetkeys/kvsetk
eys.sty
Package: kvsetkeys 2022-10-05 v1.19 Key value parser (HO)
)
(/usr/local/Cellar/texlive/20260301/share/texmf-dist/tex/generic/kvdefinekeys/k
vdefinekeys.sty
Package: kvdefinekeys 2019-12-19 v1.6 Define keys (HO)
)
(/usr/local/Cellar/texlive/20260301/share/texmf-dist/tex/generic/pdfescape/pdfe
scape.sty
Package: pdfescape 2019/12/09 v1.15 Implements pdfTeX's escape features (HO)

(/usr/local/Cellar/texlive/20260301/share/texmf-dist/tex/generic/ltxcmds/ltxcmd
s.sty
Package: ltxcmds 2023-12-04 v1.26 LaTeX kernel commands for general use (HO)
)
(/usr/local/Cellar/texlive/20260301/share/texmf-dist/tex/generic/pdftexcmds/pdf
texcmds.sty
Package: pdftexcmds 2020-06-27 v0.33 Utility functions of pdfTeX for LuaTeX (HO
)

(/usr/local/Cellar/texlive/20260301/share/texmf-dist/tex/generic/infwarerr/infw
arerr.sty
Package: infwarerr 2019/12/03 v1.5 Providing info/warning/error messages (HO)
)
Package pdftexcmds Info: \pdf@primitive is available.
Package pdftexcmds Info: \pdf@ifprimitive is available.
Package pdftexcmds Info: \pdfdraftmode found.
))
(/usr/local/Cellar/texlive/20260301/share/texmf-dist/tex/latex/hycolor/hycolor.
sty
Package: hycolor 2020-01-27 v1.10 Color options for hyperref/bookmark (HO)
)
(/usr/local/Cellar/texlive/20260301/share/texmf-dist/tex/latex/hyperref/nameref
.sty
Package: nameref 2026-01-29 v2.58 Cross-referencing by name of section

(/usr/local/Cellar/texlive/20260301/share/texmf-dist/tex/latex/refcount/refcoun
t.sty
Package: refcount 2019/12/15 v3.6 Data extraction from label references (HO)
)
(/usr/local/Cellar/texlive/20260301/share/texmf-dist/tex/generic/gettitlestring
/gettitlestring.sty
Package: gettitlestring 2019/12/15 v1.6 Cleanup title references (HO)

(/usr/local/Cellar/texlive/20260301/share/texmf-dist/tex/latex/kvoptions/kvopti
ons.sty
Package: kvoptions 2022-06-15 v3.15 Key value format for package options (HO)
))
\c@section@level=\count314
)
(/usr/local/Cellar/texlive/20260301/share/texmf-dist/tex/latex/etoolbox/etoolbo
x.sty
Package: etoolbox 2025/10/02 v2.5m e-TeX tools for LaTeX (JAW)
\etb@tempcnta=\count315
)
(/usr/local/Cellar/texlive/20260301/share/texmf-dist/tex/generic/stringenc/stri
ngenc.sty
Package: stringenc 2019/11/29 v1.12 Convert strings between diff. encodings (HO
)
)
\@linkdim=\dimen173
\Hy@linkcounter=\count316
\Hy@pagecounter=\count317

(/usr/local/Cellar/texlive/20260301/share/texmf-dist/tex/latex/hyperref/pd1enc.
def
File: pd1enc.def 2026-01-29 v7.01p Hyperref: PDFDocEncoding definition (HO)
Now handling font encoding PD1 ...
... no UTF-8 mapping file for font encoding PD1
)
(/usr/local/Cellar/texlive/20260301/share/texmf-dist/tex/generic/intcalc/intcal
c.sty
Package: intcalc 2019/12/15 v1.3 Expandable calculations with integers (HO)
)
\Hy@SavedSpaceFactor=\count318

(/usr/local/Cellar/texlive/20260301/share/texmf-dist/tex/latex/hyperref/puenc.d
ef
File: puenc.def 2026-01-29 v7.01p Hyperref: PDF Unicode definition (HO)
Now handling font encoding PU ...
... no UTF-8 mapping file for font encoding PU
)
Package hyperref Info: Hyper figures OFF on input line 4201.
Package hyperref Info: Link nesting OFF on input line 4206.
Package hyperref Info: Hyper index ON on input line 4209.
Package hyperref Info: Plain pages OFF on input line 4216.
Package hyperref Info: Backreferencing OFF on input line 4221.
Package hyperref Info: Implicit mode ON; LaTeX internals redefined.
Package hyperref Info: Bookmarks ON on input line 4468.
\c@Hy@tempcnt=\count319
 (/usr/local/Cellar/texlive/20260301/share/texmf-dist/tex/latex/url/url.sty
\Urlmuskip=\muskip17
Package: url 2013/09/16  ver 3.4  Verb mode for urls, etc.
)
LaTeX Info: Redefining \url on input line 4807.
\XeTeXLinkMargin=\dimen174

(/usr/local/Cellar/texlive/20260301/share/texmf-dist/tex/generic/bitset/bitset.
sty
Package: bitset 2019/12/09 v1.3 Handle bit-vector datatype (HO)

(/usr/local/Cellar/texlive/20260301/share/texmf-dist/tex/generic/bigintcalc/big
intcalc.sty
Package: bigintcalc 2019/12/15 v1.5 Expandable calculations on big integers (HO
)
))
\Fld@menulength=\count320
\Field@Width=\dimen175
\Fld@charsize=\dimen176
Package hyperref Info: Hyper figures OFF on input line 6084.
Package hyperref Info: Link nesting OFF on input line 6089.
Package hyperref Info: Hyper index ON on input line 6092.
Package hyperref Info: backreferencing OFF on input line 6099.
Package hyperref Info: Link coloring OFF on input line 6104.
Package hyperref Info: Link coloring with OCG OFF on input line 6109.
Package hyperref Info: PDF/A mode OFF on input line 6114.
\Hy@abspage=\count321
\c@Item=\count322
\c@Hfootnote=\count323
)
Package hyperref Info: Driver (autodetected): hpdftex.

(/usr/local/Cellar/texlive/20260301/share/texmf-dist/tex/latex/hyperref/hpdftex
.def
File: hpdftex.def 2026-01-29 v7.01p Hyperref driver for pdfTeX
\Fld@listcount=\count324
\c@bookmark@seq@number=\count325

(/usr/local/Cellar/texlive/20260301/share/texmf-dist/tex/latex/rerunfilecheck/r
erunfilecheck.sty
Package: rerunfilecheck 2025-06-21 v1.11 Rerun checks for auxiliary files (HO)

(/usr/local/Cellar/texlive/20260301/share/texmf-dist/tex/generic/uniquecounter/
uniquecounter.sty
Package: uniquecounter 2019/12/15 v1.4 Provide unlimited unique counter (HO)
)
Package uniquecounter Info: New unique counter `rerunfilecheck' on input line 2
84.
)
\Hy@SectionHShift=\skip53
)
(/usr/local/Cellar/texlive/20260301/share/texmf-dist/tex/latex/graphics/color.s
ty
Package: color 2025/01/14 v1.3e Standard LaTeX Color (DPC)

(/usr/local/Cellar/texlive/20260301/share/texmf-dist/tex/latex/graphics-cfg/col
or.cfg
File: color.cfg 2016/01/02 v1.6 sample color configuration
)
Package color Info: Driver file: pdftex.def on input line 149.

(/usr/local/Cellar/texlive/20260301/share/texmf-dist/tex/latex/graphics/mathcol
or.ltx))
(/usr/local/Cellar/texlive/20260301/share/texmf-dist/tex/latex/booktabs/booktab
s.sty
Package: booktabs 2020/01/12 v1.61803398 Publication quality tables
\heavyrulewidth=\dimen177
\lightrulewidth=\dimen178
\cmidrulewidth=\dimen179
\belowrulesep=\dimen180
\belowbottomsep=\dimen181
\aboverulesep=\dimen182
\abovetopsep=\dimen183
\cmidrulesep=\dimen184
\cmidrulekern=\dimen185
\defaultaddspace=\dimen186
\@cmidla=\count326
\@cmidlb=\count327
\@aboverulesep=\dimen187
\@belowrulesep=\dimen188
\@thisruleclass=\count328
\@lastruleclass=\count329
\@thisrulewidth=\dimen189
)
(/usr/local/Cellar/texlive/20260301/share/texmf-dist/tex/latex/tools/array.sty
Package: array 2025/09/25 v2.6n Tabular extension package (FMi)
\col@sep=\dimen190
\ar@mcellbox=\box101
\extrarowheight=\dimen191
\NC@list=\toks22
\extratabsurround=\skip54
\backup@length=\skip55
\ar@cellbox=\box102
)
(/usr/local/Cellar/texlive/20260301/share/texmf-dist/tex/latex/listings/listing
s.sty
\lst@mode=\count330
\lst@gtempboxa=\box103
\lst@token=\toks23
\lst@length=\count331
\lst@currlwidth=\dimen192
\lst@column=\count332
\lst@pos=\count333
\lst@lostspace=\dimen193
\lst@width=\dimen194
\lst@newlines=\count334
\lst@lineno=\count335
\lst@maxwidth=\dimen195

(/usr/local/Cellar/texlive/20260301/share/texmf-dist/tex/latex/listings/lstpatc
h.sty
File: lstpatch.sty 2025/11/14 1.11b (Carsten Heinz)
)
(/usr/local/Cellar/texlive/20260301/share/texmf-dist/tex/latex/listings/lstmisc
.sty
File: lstmisc.sty 2025/11/14 1.11b (Carsten Heinz)
\c@lstnumber=\count336
\lst@skipnumbers=\count337
\lst@framebox=\box104
)
(/usr/local/Cellar/texlive/20260301/share/texmf-dist/tex/latex/listings/listing
s.cfg
File: listings.cfg 2025/11/14 1.11b listings configuration
))
Package: listings 2025/11/14 1.11b (Carsten Heinz)

==> First Aid for listings.sty no longer applied!
    Expected:
        2024/09/23 1.10c (Carsten Heinz)
    but found:
        2025/11/14 1.11b (Carsten Heinz)
    so I'm assuming it got fixed.
(/usr/local/Cellar/texlive/20260301/share/texmf-dist/tex/latex/float/float.sty
Package: float 2001/11/08 v1.3d Float enhancements (AL)
\c@float@type=\count338
\float@exts=\toks24
\float@box=\box105
\@float@everytoks=\toks25
\@floatcapt=\box106
)
(/usr/local/Cellar/texlive/20260301/share/texmf-dist/tex/latex/enumitem/enumite
m.sty
Package: enumitem 2025/02/06 v3.11 Customized lists
\labelindent=\skip56
\enit@outerparindent=\dimen196
\enit@toks=\toks26
\enit@inbox=\box107
\enit@count@id=\count339
\enitdp@description=\count340
)
(/usr/local/Cellar/texlive/20260301/share/texmf-dist/tex/latex/pgf/frontendlaye
r/tikz.sty
(/usr/local/Cellar/texlive/20260301/share/texmf-dist/tex/latex/pgf/basiclayer/p
gf.sty
(/usr/local/Cellar/texlive/20260301/share/texmf-dist/tex/latex/pgf/utilities/pg
frcs.sty
(/usr/local/Cellar/texlive/20260301/share/texmf-dist/tex/generic/pgf/utilities/
pgfutil-common.tex
\pgfutil@everybye=\toks27
\pgfutil@tempdima=\dimen197
\pgfutil@tempdimb=\dimen198
)
(/usr/local/Cellar/texlive/20260301/share/texmf-dist/tex/generic/pgf/utilities/
pgfutil-latex.def
\pgfutil@abb=\box108
)
(/usr/local/Cellar/texlive/20260301/share/texmf-dist/tex/generic/pgf/utilities/
pgfrcs.code.tex
(/usr/local/Cellar/texlive/20260301/share/texmf-dist/tex/generic/pgf/pgf.revisi
on.tex)
Package: pgfrcs 2025-08-29 v3.1.11a (3.1.11a)
))
Package: pgf 2025-08-29 v3.1.11a (3.1.11a)

(/usr/local/Cellar/texlive/20260301/share/texmf-dist/tex/latex/pgf/basiclayer/p
gfcore.sty
(/usr/local/Cellar/texlive/20260301/share/texmf-dist/tex/latex/pgf/systemlayer/
pgfsys.sty
(/usr/local/Cellar/texlive/20260301/share/texmf-dist/tex/generic/pgf/systemlaye
r/pgfsys.code.tex
Package: pgfsys 2025-08-29 v3.1.11a (3.1.11a)

(/usr/local/Cellar/texlive/20260301/share/texmf-dist/tex/generic/pgf/utilities/
pgfkeys.code.tex
\pgfkeys@pathtoks=\toks28
\pgfkeys@temptoks=\toks29

(/usr/local/Cellar/texlive/20260301/share/texmf-dist/tex/generic/pgf/utilities/
pgfkeyslibraryfiltered.code.tex
\pgfkeys@tmptoks=\toks30
))
\pgf@x=\dimen199
\pgf@y=\dimen256
\pgf@xa=\dimen257
\pgf@ya=\dimen258
\pgf@xb=\dimen259
\pgf@yb=\dimen260
\pgf@xc=\dimen261
\pgf@yc=\dimen262
\pgf@xd=\dimen263
\pgf@yd=\dimen264
\w@pgf@writea=\write3
\r@pgf@reada=\read2
\c@pgf@counta=\count341
\c@pgf@countb=\count342
\c@pgf@countc=\count343
\c@pgf@countd=\count344
\t@pgf@toka=\toks31
\t@pgf@tokb=\toks32
\t@pgf@tokc=\toks33
\pgf@sys@id@count=\count345

(/usr/local/Cellar/texlive/20260301/share/texmf-dist/tex/generic/pgf/systemlaye
r/pgf.cfg
File: pgf.cfg 2025-08-29 v3.1.11a (3.1.11a)
)
Driver file for pgf: pgfsys-pdftex.def

(/usr/local/Cellar/texlive/20260301/share/texmf-dist/tex/generic/pgf/systemlaye
r/pgfsys-pdftex.def
File: pgfsys-pdftex.def 2025-08-29 v3.1.11a (3.1.11a)

(/usr/local/Cellar/texlive/20260301/share/texmf-dist/tex/generic/pgf/systemlaye
r/pgfsys-common-pdf.def
File: pgfsys-common-pdf.def 2025-08-29 v3.1.11a (3.1.11a)
)))
(/usr/local/Cellar/texlive/20260301/share/texmf-dist/tex/generic/pgf/systemlaye
r/pgfsyssoftpath.code.tex
File: pgfsyssoftpath.code.tex 2025-08-29 v3.1.11a (3.1.11a)
\pgfsyssoftpath@smallbuffer@items=\count346
\pgfsyssoftpath@bigbuffer@items=\count347
)
(/usr/local/Cellar/texlive/20260301/share/texmf-dist/tex/generic/pgf/systemlaye
r/pgfsysprotocol.code.tex
File: pgfsysprotocol.code.tex 2025-08-29 v3.1.11a (3.1.11a)
))
(/usr/local/Cellar/texlive/20260301/share/texmf-dist/tex/latex/xcolor/xcolor.st
y
Package: xcolor 2024/09/29 v3.02 LaTeX color extensions (UK)

(/usr/local/Cellar/texlive/20260301/share/texmf-dist/tex/latex/graphics-cfg/col
or.cfg
File: color.cfg 2016/01/02 v1.6 sample color configuration
)
Package xcolor Info: Driver file: pdftex.def on input line 274.
LaTeX Info: Redefining \color on input line 762.

(/usr/local/Cellar/texlive/20260301/share/texmf-dist/tex/latex/graphics/mathcol
or.ltx)
Package xcolor Info: Model `cmy' substituted by `cmy0' on input line 1349.
Package xcolor Info: Model `hsb' substituted by `rgb' on input line 1353.
Package xcolor Info: Model `RGB' extended on input line 1365.
Package xcolor Info: Model `HTML' substituted by `rgb' on input line 1367.
Package xcolor Info: Model `Hsb' substituted by `hsb' on input line 1368.
Package xcolor Info: Model `tHsb' substituted by `hsb' on input line 1369.
Package xcolor Info: Model `HSB' substituted by `hsb' on input line 1370.
Package xcolor Info: Model `Gray' substituted by `gray' on input line 1371.
Package xcolor Info: Model `wave' substituted by `hsb' on input line 1372.
)
(/usr/local/Cellar/texlive/20260301/share/texmf-dist/tex/generic/pgf/basiclayer
/pgfcore.code.tex
Package: pgfcore 2025-08-29 v3.1.11a (3.1.11a)

(/usr/local/Cellar/texlive/20260301/share/texmf-dist/tex/generic/pgf/math/pgfma
th.code.tex
(/usr/local/Cellar/texlive/20260301/share/texmf-dist/tex/generic/pgf/math/pgfma
thutil.code.tex)
(/usr/local/Cellar/texlive/20260301/share/texmf-dist/tex/generic/pgf/math/pgfma
thparser.code.tex
\pgfmath@dimen=\dimen265
\pgfmath@count=\count348
\pgfmath@box=\box109
\pgfmath@toks=\toks34
\pgfmath@stack@operand=\toks35
\pgfmath@stack@operation=\toks36
)
(/usr/local/Cellar/texlive/20260301/share/texmf-dist/tex/generic/pgf/math/pgfma
thfunctions.code.tex)
(/usr/local/Cellar/texlive/20260301/share/texmf-dist/tex/generic/pgf/math/pgfma
thfunctions.basic.code.tex)
(/usr/local/Cellar/texlive/20260301/share/texmf-dist/tex/generic/pgf/math/pgfma
thfunctions.trigonometric.code.tex)
(/usr/local/Cellar/texlive/20260301/share/texmf-dist/tex/generic/pgf/math/pgfma
thfunctions.random.code.tex)
(/usr/local/Cellar/texlive/20260301/share/texmf-dist/tex/generic/pgf/math/pgfma
thfunctions.comparison.code.tex)
(/usr/local/Cellar/texlive/20260301/share/texmf-dist/tex/generic/pgf/math/pgfma
thfunctions.base.code.tex)
(/usr/local/Cellar/texlive/20260301/share/texmf-dist/tex/generic/pgf/math/pgfma
thfunctions.round.code.tex)
(/usr/local/Cellar/texlive/20260301/share/texmf-dist/tex/generic/pgf/math/pgfma
thfunctions.misc.code.tex)
(/usr/local/Cellar/texlive/20260301/share/texmf-dist/tex/generic/pgf/math/pgfma
thfunctions.integerarithmetics.code.tex)
(/usr/local/Cellar/texlive/20260301/share/texmf-dist/tex/generic/pgf/math/pgfma
thcalc.code.tex)
(/usr/local/Cellar/texlive/20260301/share/texmf-dist/tex/generic/pgf/math/pgfma
thfloat.code.tex
\c@pgfmathroundto@lastzeros=\count349
))
(/usr/local/Cellar/texlive/20260301/share/texmf-dist/tex/generic/pgf/math/pgfin
t.code.tex)
(/usr/local/Cellar/texlive/20260301/share/texmf-dist/tex/generic/pgf/basiclayer
/pgfcorepoints.code.tex
File: pgfcorepoints.code.tex 2025-08-29 v3.1.11a (3.1.11a)
\pgf@picminx=\dimen266
\pgf@picmaxx=\dimen267
\pgf@picminy=\dimen268
\pgf@picmaxy=\dimen269
\pgf@pathminx=\dimen270
\pgf@pathmaxx=\dimen271
\pgf@pathminy=\dimen272
\pgf@pathmaxy=\dimen273
\pgf@xx=\dimen274
\pgf@xy=\dimen275
\pgf@yx=\dimen276
\pgf@yy=\dimen277
\pgf@zx=\dimen278
\pgf@zy=\dimen279
)
(/usr/local/Cellar/texlive/20260301/share/texmf-dist/tex/generic/pgf/basiclayer
/pgfcorepathconstruct.code.tex
File: pgfcorepathconstruct.code.tex 2025-08-29 v3.1.11a (3.1.11a)
\pgf@path@lastx=\dimen280
\pgf@path@lasty=\dimen281
)
(/usr/local/Cellar/texlive/20260301/share/texmf-dist/tex/generic/pgf/basiclayer
/pgfcorepathusage.code.tex
File: pgfcorepathusage.code.tex 2025-08-29 v3.1.11a (3.1.11a)
\pgf@shorten@end@additional=\dimen282
\pgf@shorten@start@additional=\dimen283
)
(/usr/local/Cellar/texlive/20260301/share/texmf-dist/tex/generic/pgf/basiclayer
/pgfcorescopes.code.tex
File: pgfcorescopes.code.tex 2025-08-29 v3.1.11a (3.1.11a)
\pgfpic=\box110
\pgf@hbox=\box111
\pgf@layerbox@main=\box112
\pgf@picture@serial@count=\count350
)
(/usr/local/Cellar/texlive/20260301/share/texmf-dist/tex/generic/pgf/basiclayer
/pgfcoregraphicstate.code.tex
File: pgfcoregraphicstate.code.tex 2025-08-29 v3.1.11a (3.1.11a)
\pgflinewidth=\dimen284
)
(/usr/local/Cellar/texlive/20260301/share/texmf-dist/tex/generic/pgf/basiclayer
/pgfcoretransformations.code.tex
File: pgfcoretransformations.code.tex 2025-08-29 v3.1.11a (3.1.11a)
\pgf@pt@x=\dimen285
\pgf@pt@y=\dimen286
\pgf@pt@temp=\dimen287
)
(/usr/local/Cellar/texlive/20260301/share/texmf-dist/tex/generic/pgf/basiclayer
/pgfcorequick.code.tex
File: pgfcorequick.code.tex 2025-08-29 v3.1.11a (3.1.11a)
)
(/usr/local/Cellar/texlive/20260301/share/texmf-dist/tex/generic/pgf/basiclayer
/pgfcoreobjects.code.tex
File: pgfcoreobjects.code.tex 2025-08-29 v3.1.11a (3.1.11a)
)
(/usr/local/Cellar/texlive/20260301/share/texmf-dist/tex/generic/pgf/basiclayer
/pgfcorepathprocessing.code.tex
File: pgfcorepathprocessing.code.tex 2025-08-29 v3.1.11a (3.1.11a)
)
(/usr/local/Cellar/texlive/20260301/share/texmf-dist/tex/generic/pgf/basiclayer
/pgfcorearrows.code.tex
File: pgfcorearrows.code.tex 2025-08-29 v3.1.11a (3.1.11a)
\pgfarrowsep=\dimen288
)
(/usr/local/Cellar/texlive/20260301/share/texmf-dist/tex/generic/pgf/basiclayer
/pgfcoreshade.code.tex
File: pgfcoreshade.code.tex 2025-08-29 v3.1.11a (3.1.11a)
\pgf@max=\dimen289
\pgf@sys@shading@range@num=\count351
\pgf@shadingcount=\count352
)
(/usr/local/Cellar/texlive/20260301/share/texmf-dist/tex/generic/pgf/basiclayer
/pgfcoreimage.code.tex
File: pgfcoreimage.code.tex 2025-08-29 v3.1.11a (3.1.11a)
)
(/usr/local/Cellar/texlive/20260301/share/texmf-dist/tex/generic/pgf/basiclayer
/pgfcoreexternal.code.tex
File: pgfcoreexternal.code.tex 2025-08-29 v3.1.11a (3.1.11a)
\pgfexternal@startupbox=\box113
)
(/usr/local/Cellar/texlive/20260301/share/texmf-dist/tex/generic/pgf/basiclayer
/pgfcorelayers.code.tex
File: pgfcorelayers.code.tex 2025-08-29 v3.1.11a (3.1.11a)
)
(/usr/local/Cellar/texlive/20260301/share/texmf-dist/tex/generic/pgf/basiclayer
/pgfcoretransparency.code.tex
File: pgfcoretransparency.code.tex 2025-08-29 v3.1.11a (3.1.11a)
)
(/usr/local/Cellar/texlive/20260301/share/texmf-dist/tex/generic/pgf/basiclayer
/pgfcorepatterns.code.tex
File: pgfcorepatterns.code.tex 2025-08-29 v3.1.11a (3.1.11a)
)
(/usr/local/Cellar/texlive/20260301/share/texmf-dist/tex/generic/pgf/basiclayer
/pgfcorerdf.code.tex
File: pgfcorerdf.code.tex 2025-08-29 v3.1.11a (3.1.11a)
)))
(/usr/local/Cellar/texlive/20260301/share/texmf-dist/tex/generic/pgf/modules/pg
fmoduleshapes.code.tex
File: pgfmoduleshapes.code.tex 2025-08-29 v3.1.11a (3.1.11a)
\pgfnodeparttextbox=\box114
)
(/usr/local/Cellar/texlive/20260301/share/texmf-dist/tex/generic/pgf/modules/pg
fmoduleplot.code.tex
File: pgfmoduleplot.code.tex 2025-08-29 v3.1.11a (3.1.11a)
)
(/usr/local/Cellar/texlive/20260301/share/texmf-dist/tex/latex/pgf/compatibilit
y/pgfcomp-version-0-65.sty
Package: pgfcomp-version-0-65 2025-08-29 v3.1.11a (3.1.11a)
\pgf@nodesepstart=\dimen290
\pgf@nodesepend=\dimen291
)
(/usr/local/Cellar/texlive/20260301/share/texmf-dist/tex/latex/pgf/compatibilit
y/pgfcomp-version-1-18.sty
Package: pgfcomp-version-1-18 2025-08-29 v3.1.11a (3.1.11a)
))
(/usr/local/Cellar/texlive/20260301/share/texmf-dist/tex/latex/pgf/utilities/pg
ffor.sty
(/usr/local/Cellar/texlive/20260301/share/texmf-dist/tex/latex/pgf/utilities/pg
fkeys.sty
(/usr/local/Cellar/texlive/20260301/share/texmf-dist/tex/generic/pgf/utilities/
pgfkeys.code.tex))
(/usr/local/Cellar/texlive/20260301/share/texmf-dist/tex/latex/pgf/math/pgfmath
.sty
(/usr/local/Cellar/texlive/20260301/share/texmf-dist/tex/generic/pgf/math/pgfma
th.code.tex))
(/usr/local/Cellar/texlive/20260301/share/texmf-dist/tex/generic/pgf/utilities/
pgffor.code.tex
Package: pgffor 2025-08-29 v3.1.11a (3.1.11a)
\pgffor@iter=\dimen292
\pgffor@skip=\dimen293
\pgffor@stack=\toks37
\pgffor@toks=\toks38
))
(/usr/local/Cellar/texlive/20260301/share/texmf-dist/tex/generic/pgf/frontendla
yer/tikz/tikz.code.tex
Package: tikz 2025-08-29 v3.1.11a (3.1.11a)

(/usr/local/Cellar/texlive/20260301/share/texmf-dist/tex/generic/pgf/libraries/
pgflibraryplothandlers.code.tex
File: pgflibraryplothandlers.code.tex 2025-08-29 v3.1.11a (3.1.11a)
\pgf@plot@mark@count=\count353
\pgfplotmarksize=\dimen294
)
\tikz@lastx=\dimen295
\tikz@lasty=\dimen296
\tikz@lastxsaved=\dimen297
\tikz@lastysaved=\dimen298
\tikz@lastmovetox=\dimen299
\tikz@lastmovetoy=\dimen300
\tikzleveldistance=\dimen301
\tikzsiblingdistance=\dimen302
\tikz@figbox=\box115
\tikz@figbox@bg=\box116
\tikz@tempbox=\box117
\tikz@tempbox@bg=\box118
\tikztreelevel=\count354
\tikznumberofchildren=\count355
\tikznumberofcurrentchild=\count356
\tikz@fig@count=\count357

(/usr/local/Cellar/texlive/20260301/share/texmf-dist/tex/generic/pgf/modules/pg
fmodulematrix.code.tex
File: pgfmodulematrix.code.tex 2025-08-29 v3.1.11a (3.1.11a)
\pgfmatrixcurrentrow=\count358
\pgfmatrixcurrentcolumn=\count359
\pgf@matrix@numberofcolumns=\count360
)
\tikz@expandcount=\count361

(/usr/local/Cellar/texlive/20260301/share/texmf-dist/tex/generic/pgf/frontendla
yer/tikz/libraries/tikzlibrarytopaths.code.tex
File: tikzlibrarytopaths.code.tex 2025-08-29 v3.1.11a (3.1.11a)
)))
(/usr/local/Cellar/texlive/20260301/share/texmf-dist/tex/generic/pgf/frontendla
yer/tikz/libraries/tikzlibrarypositioning.code.tex
File: tikzlibrarypositioning.code.tex 2025-08-29 v3.1.11a (3.1.11a)
)
(/usr/local/Cellar/texlive/20260301/share/texmf-dist/tex/latex/marvosym/marvosy
m.sty
Package: marvosym 2011/07/20 v2.2 Martin Vogel's Symbols font definitions
)
(/usr/local/Cellar/texlive/20260301/share/texmf-dist/tex/latex/l3backend/l3back
end-pdftex.def
File: l3backend-pdftex.def 2025-10-09 L3 backend support: PDF output (pdfTeX)
\l__color_backend_stack_int=\count362
) (./main_it.aux)
\openout1 = `main_it.aux'.

LaTeX Font Info:    Checking defaults for OML/cmm/m/it on input line 20.
LaTeX Font Info:    ... okay on input line 20.
LaTeX Font Info:    Checking defaults for OMS/cmsy/m/n on input line 20.
LaTeX Font Info:    ... okay on input line 20.
LaTeX Font Info:    Checking defaults for OT1/cmr/m/n on input line 20.
LaTeX Font Info:    ... okay on input line 20.
LaTeX Font Info:    Checking defaults for T1/cmr/m/n on input line 20.
LaTeX Font Info:    ... okay on input line 20.
LaTeX Font Info:    Checking defaults for TS1/cmr/m/n on input line 20.
LaTeX Font Info:    ... okay on input line 20.
LaTeX Font Info:    Checking defaults for OMX/cmex/m/n on input line 20.
LaTeX Font Info:    ... okay on input line 20.
LaTeX Font Info:    Checking defaults for U/cmr/m/n on input line 20.
LaTeX Font Info:    ... okay on input line 20.
LaTeX Font Info:    Checking defaults for PD1/pdf/m/n on input line 20.
LaTeX Font Info:    ... okay on input line 20.
LaTeX Font Info:    Checking defaults for PU/pdf/m/n on input line 20.
LaTeX Font Info:    ... okay on input line 20.

(/usr/local/Cellar/texlive/20260301/share/texmf-dist/tex/context/base/mkii/supp
-pdf.mkii
[Loading MPS to PDF converter (version 2006.09.02).]
\scratchcounter=\count363
\scratchdimen=\dimen303
\scratchbox=\box119
\nofMPsegments=\count364
\nofMParguments=\count365
\everyMPshowfont=\toks39
\MPscratchCnt=\count366
\MPscratchDim=\dimen304
\MPnumerator=\count367
\makeMPintoPDFobject=\count368
\everyMPtoPDFconversion=\toks40
)
(/usr/local/Cellar/texlive/20260301/share/texmf-dist/tex/latex/epstopdf-pkg/eps
topdf-base.sty
Package: epstopdf-base 2020-01-24 v2.11 Base part for package epstopdf
Package epstopdf-base Info: Redefining graphics rule for `.eps' on input line 4
85.

(/usr/local/Cellar/texlive/20260301/share/texmf-dist/tex/latex/latexconfig/epst
opdf-sys.cfg
File: epstopdf-sys.cfg 2010/07/13 v1.3 Configuration of (r)epstopdf for TeX Liv
e
))
Package hyperref Info: Link coloring OFF on input line 20.
 (./main_it.out) (./main_it.out)
\@outlinefile=\write4
\openout4 = `main_it.out'.

\c@lstlisting=\count369
LaTeX Font Info:    External font `cmex10' loaded for size
(Font)              <7> on input line 43.
LaTeX Font Info:    External font `cmex10' loaded for size
(Font)              <5> on input line 43.
LaTeX Font Info:    Trying to load font information for U+mvs on input line 43.


(/usr/local/Cellar/texlive/20260301/share/texmf-dist/tex/latex/marvosym/umvs.fd
)
LaTeX Font Info:    External font `cmex10' loaded for size
(Font)              <9> on input line 43.
LaTeX Font Info:    External font `cmex10' loaded for size
(Font)              <6> on input line 43.
 (./sections_it/introduction.tex [1

{/usr/local/Cellar/texlive/20260301/share/texmf-dist/fonts/map/pdftex/updmap/pd
ftex.map}{/usr/local/Cellar/texlive/20260301/share/texmf-dist/fonts/enc/dvips/c
m-super/cm-super-t1.enc}])
(./sections_it/related.tex [2]) (./sections_it/lack.tex
<figures/lack-ontology-diagram.pdf, id=97, 511.9125pt x 316.18124pt>
File: figures/lack-ontology-diagram.pdf Graphic file (type pdf)
<use figures/lack-ontology-diagram.pdf>
Package pdftex.def Info: figures/lack-ontology-diagram.pdf  used on input line 
3.
(pdftex.def)             Requested size: 347.12354pt x 165.23978pt.
 [3
pdfTeX warning (ext4): destination with the same identifier (name{figure.1}) ha
s been already used, duplicate ignored
<argument> ...shipout:D \box_use:N \l_shipout_box 
                                                  \__shipout_drop_firstpage_...
l.17 
      <./figures/lack-ontology-diagram.pdf>] [4]) (./sections_it/evaluation.tex
[5
pdfTeX warning (ext4): destination with the same identifier (name{table.1}) has
 been already used, duplicate ignored
<argument> ...shipout:D \box_use:N \l_shipout_box 
                                                  \__shipout_drop_firstpage_...
l.14 
     ] [6]) (./sections_it/discussion.tex [7]) (./main_it.bbl [8]
Underfull \hbox (badness 10000) in paragraph at lines 93--96
[]\T1/cmr/m/n/9 DeSmog: Cli-mate dis-in-for-ma-tion database. [][]$https : / / 
www . desmog . com /
 []

[9]
Underfull \hbox (badness 1092) in paragraph at lines 121--126
\T1/cmr/m/n/9 text ex-trac-tion, net-work graphs, and pol-icy po-si-tion anal-y
-sis. UCL Grand
 []


Underfull \hbox (badness 10000) in paragraph at lines 121--126
\T1/cmr/m/n/9 grand-[]challenges / case-[]studies / 2025 / jun / ai-[]powered-[
]climate-[]lobbying-[]database$[][],
 []

) [10] (./main_it.aux)
 ***********
LaTeX2e <2025-11-01>
L3 programming layer <2026-01-19>
 ***********
Package rerunfilecheck Info: File `main_it.out' has not changed.
(rerunfilecheck)             Checksum: 94B72CAD706CC3AFB2475B5019942769;662.
 ) 
Here is how much of TeX's memory you used:
 21926 strings out of 467525
 405640 string characters out of 5410021
 803909 words of memory out of 5000000
 50409 multiletter control sequences out of 15000+600000
 638974 words of font info for 60 fonts, out of 8000000 for 9000
 1141 hyphenation exceptions out of 8191
 84i,9n,104p,868b,594s stack positions out of 10000i,1000n,20000p,200000b,200000s
</usr/local/Cellar/texlive/20260301/share/texmf-dist/fonts/type1/public/amsfo
nts/cm/cmr6.pfb></usr/local/Cellar/texlive/20260301/share/texmf-dist/fonts/type
1/public/amsfonts/cm/cmr7.pfb></usr/local/Cellar/texlive/20260301/share/texmf-d
ist/fonts/type1/public/amsfonts/cm/cmsy9.pfb></usr/local/Cellar/texlive/2026030
1/share/texmf-dist/fonts/type1/public/marvosym/marvosym.pfb></usr/local/Cellar/
texlive/20260301/share/texmf-dist/fonts/type1/public/cm-super/sfbx0900.pfb></us
r/local/Cellar/texlive/20260301/share/texmf-dist/fonts/type1/public/cm-super/sf
bx1000.pfb></usr/local/Cellar/texlive/20260301/share/texmf-dist/fonts/type1/pub
lic/cm-super/sfbx1200.pfb></usr/local/Cellar/texlive/20260301/share/texmf-dist/
fonts/type1/public/cm-super/sfbx1440.pfb></usr/local/Cellar/texlive/20260301/sh
are/texmf-dist/fonts/type1/public/cm-super/sfrm0600.pfb></usr/local/Cellar/texl
ive/20260301/share/texmf-dist/fonts/type1/public/cm-super/sfrm0700.pfb></usr/lo
cal/Cellar/texlive/20260301/share/texmf-dist/fonts/type1/public/cm-super/sfrm09
00.pfb></usr/local/Cellar/texlive/20260301/share/texmf-dist/fonts/type1/public/
cm-super/sfrm1000.pfb></usr/local/Cellar/texlive/20260301/share/texmf-dist/font
s/type1/public/cm-super/sfti1000.pfb></usr/local/Cellar/texlive/20260301/share/
texmf-dist/fonts/type1/public/cm-super/sftt0900.pfb></usr/local/Cellar/texlive/
20260301/share/texmf-dist/fonts/type1/public/cm-super/sftt1000.pfb>
Output written on main_it.pdf (10 pages, 345596 bytes).
PDF statistics:
 382 PDF objects out of 1000 (max. 8388607)
 290 compressed objects within 3 object streams
 71 named destinations out of 1000 (max. 500000)
 32 words of extra memory for PDF output out of 10000 (max. 10000000)

